GAMS 32.1.0  r75a5b5d Released Jul 31, 2020 LEX-LEG x86 64bit/Linux - 08/09/20 15:08:10 Page 1
Maximum flow problem
C o m p i l a t i o n


   2   
   3  set node /s,1,2,3,4,t/;
   4  alias(node,i,j);
   5   
   6  set edge(i,j) /s.1,s.2,1.3,1.4,2.1,2.4,3.t,4.3,4.t,t.s/;
   7   
   8  table c(node,node) 'pipe capacity'
   9    s  1  2  3  4  t
  10  s    4  6
  11  1          6  2
  12  2    4        4
  13  3                6
  14  4          1     2
  15  t inf             ;
  16   
  17   
  18  positive variable x(node,node);
  19  free variable z ;
  20   
  21  equations
  22   capacities(node,node) 'capacities of pipes'
  23   flow 'objective function'
  24   balances 'node s balance'
  25   balance1 'node 1 balance'
  26   balance2 'node 2 balance'
  27   balance3 'node 3 balance'
  28   balance4 'node 4 balance'
  29   balancet 'node t balance';
  30   
  31  capacities(edge(i,j)).. x(edge) =l= c(edge) ;
  32  flow.. z =e= x('t','s');
  33  balances..x('s','1') + x('s','2') - x('t','s') =e= 0;
  34  balance1..x('1','3') + x('1','4') - x('s','1') - x('2','1') =e= 0;
  35  balance2..x('2','4') + x('2','1') - x('s','2') =e= 0;
  36  balance3..x('3','t') - x('1','3') - x('4','3') =e= 0;
  37  balance4..x('4','3') + x('4','t') - x('1','4') - x('2','4') =e= 0;
  38  balancet..x('t','s') - x('3','t') - x('4','t') =e= 0;
  39   
  40  model maxflow /all/;
  41  solve maxflow using lp maximizing z;
  42   


COMPILATION TIME     =        0.035 SECONDS      3 MB  32.1.0 r75a5b5d LEX-LEG
GAMS 32.1.0  r75a5b5d Released Jul 31, 2020 LEX-LEG x86 64bit/Linux - 08/09/20 15:08:10 Page 2
Maximum flow problem
Equation Listing    SOLVE maxflow Using LP From line 41


---- capacities  =L=  capacities of pipes

capacities(s,1)..  x(s,1) =L= 4 ; (LHS = 0)
     
capacities(s,2)..  x(s,2) =L= 6 ; (LHS = 0)
     
capacities(1,3)..  x(1,3) =L= 6 ; (LHS = 0)
     
REMAINING 7 ENTRIES SKIPPED


---- flow  =E=  objective function

flow..  - x(t,s) + z =E= 0 ; (LHS = 0)
     

---- balances  =E=  node s balance

balances..  x(s,1) + x(s,2) - x(t,s) =E= 0 ; (LHS = 0)
     

---- balance1  =E=  node 1 balance

balance1..  - x(s,1) + x(1,3) + x(1,4) - x(2,1) =E= 0 ; (LHS = 0)
     

---- balance2  =E=  node 2 balance

balance2..  - x(s,2) + x(2,1) + x(2,4) =E= 0 ; (LHS = 0)
     

---- balance3  =E=  node 3 balance

balance3..  - x(1,3) + x(3,t) - x(4,3) =E= 0 ; (LHS = 0)
     

---- balance4  =E=  node 4 balance

balance4..  - x(1,4) - x(2,4) + x(4,3) + x(4,t) =E= 0 ; (LHS = 0)
     

---- balancet  =E=  node t balance

balancet..  - x(3,t) - x(4,t) + x(t,s) =E= 0 ; (LHS = 0)
     
GAMS 32.1.0  r75a5b5d Released Jul 31, 2020 LEX-LEG x86 64bit/Linux - 08/09/20 15:08:10 Page 3
Maximum flow problem
Column Listing      SOLVE maxflow Using LP From line 41


---- x  

x(s,1)
                (.LO, .L, .UP, .M = 0, 0, +INF, 0)
        1       capacities(s,1)
        1       balances
       -1       balance1

x(s,2)
                (.LO, .L, .UP, .M = 0, 0, +INF, 0)
        1       capacities(s,2)
        1       balances
       -1       balance2

x(1,3)
                (.LO, .L, .UP, .M = 0, 0, +INF, 0)
        1       capacities(1,3)
        1       balance1
       -1       balance3

REMAINING 7 ENTRIES SKIPPED

---- z  

z
                (.LO, .L, .UP, .M = -INF, 0, +INF, 0)
        1       flow

GAMS 32.1.0  r75a5b5d Released Jul 31, 2020 LEX-LEG x86 64bit/Linux - 08/09/20 15:08:10 Page 4
Maximum flow problem
Model Statistics    SOLVE maxflow Using LP From line 41


MODEL STATISTICS

BLOCKS OF EQUATIONS           8     SINGLE EQUATIONS           17
BLOCKS OF VARIABLES           2     SINGLE VARIABLES           11
NON ZERO ELEMENTS            32


GENERATION TIME      =        0.147 SECONDS      4 MB  32.1.0 r75a5b5d LEX-LEG
GAMS 32.1.0  r75a5b5d Released Jul 31, 2020 LEX-LEG x86 64bit/Linux - 08/09/20 15:08:10 Page 5
Maximum flow problem
Solution Report     SOLVE maxflow Using LP From line 41


               S O L V E      S U M M A R Y

     MODEL   maxflow             OBJECTIVE  z
     TYPE    LP                  DIRECTION  MAXIMIZE
     SOLVER  CPLEX               FROM LINE  41

**** SOLVER STATUS     1 Normal Completion         
**** MODEL STATUS      1 Optimal                   
**** OBJECTIVE VALUE                8.0000

 RESOURCE USAGE, LIMIT          0.246 10000000000.000
 ITERATION COUNT, LIMIT         2    2147483647

IBM ILOG CPLEX   32.1.0 r75a5b5d Released Jul 31, 2020 LEG x86 64bit/Linux    
*** This solver runs with a demo license. No commercial use.
Cplex 12.10.0.0

Space for names approximately 0.00 Mb
Use option 'names no' to turn use of names off
LP status(1): optimal
Cplex Time: 0.03sec (det. 0.02 ticks)
Optimal solution found.
Objective :           8.000000


---- EQU capacities  capacities of pipes

           LOWER          LEVEL          UPPER         MARGINAL

s.1        -INF            4.0000         4.0000         EPS         
s.2        -INF            4.0000         6.0000          .          
1.3        -INF            5.0000         6.0000          .          
1.4        -INF             .             2.0000          .          
2.1        -INF            1.0000         4.0000          .          
2.4        -INF            3.0000         4.0000          .          
3.t        -INF            6.0000         6.0000         1.0000      
4.3        -INF            1.0000         1.0000         EPS         
4.t        -INF            2.0000         2.0000         1.0000      
t.s        -INF            8.0000        +INF             .          

                           LOWER          LEVEL          UPPER         MARGINAL

---- EQU flow                .              .              .             1.0000      
---- EQU balances            .              .              .             EPS         
---- EQU balance1            .              .              .             EPS         
---- EQU balance2            .              .              .             EPS         
---- EQU balance3            .              .              .             EPS         
---- EQU balance4            .              .              .              .          
---- EQU balancet            .              .              .             1.0000      

  flow  objective function
  balances  node s balance
  balance1  node 1 balance
  balance2  node 2 balance
  balance3  node 3 balance
  balance4  node 4 balance
  balancet  node t balance

---- VAR x  

           LOWER          LEVEL          UPPER         MARGINAL

s.1          .             4.0000        +INF             .          
s.2          .             4.0000        +INF             .          
1.3          .             5.0000        +INF             .          
1.4          .              .            +INF            EPS         
2.1          .             1.0000        +INF             .          
2.4          .             3.0000        +INF             .          
3.t          .             6.0000        +INF             .          
4.3          .             1.0000        +INF             .          
4.t          .             2.0000        +INF             .          
t.s          .             8.0000        +INF             .          

                           LOWER          LEVEL          UPPER         MARGINAL

---- VAR z                 -INF            8.0000        +INF             .          


**** REPORT SUMMARY :        0     NONOPT
                             0 INFEASIBLE
                             0  UNBOUNDED


EXECUTION TIME       =        0.532 SECONDS      4 MB  32.1.0 r75a5b5d LEX-LEG


USER: GAMS Demo license for Darin England            G200514|0002CO-GEN
      University of Minnesota Twin Cities, United States of AmeDL009821


**** FILE SUMMARY

Input      /home/darin/MEGA/IPPM/gams/maximum-flow.gms
Output     /home/darin/MEGA/IPPM/gams/maximum-flow.lst
