GAMS 28.2.0  r750fa45 Released Aug 19, 2019 WEX-WEI x86 64bit/MS Windows 07/15/20 16:22:14 Page 1
G e n e r a l   A l g e b r a i c   M o d e l i n g   S y s t e m
C o m p i l a t i o n


   1  set I "all locations" /1,2,3,4,5/;
   2  alias(I,J);
   3  set K(I) "factory 1" /1/;
   4  set L(I) "factory 2" /2/;
   5  set M(I) "distribution center" /3/;
   6  set N(I) "warehouse 1" /4/;
   7  set O(I) "warehouse 2" /5/;
   8  set P(I) "factories" /1,2/;
   9  set Q(I) "warehouses" /4,5/;
  10  set R(I) "dc and warehouse 1" /3,4/;
  11  set S(I) "dc and warehouse 2" /3,5/;
  12  set T(I) "factory 1 and dc" /1,3/;
  13  set U(I) "factory 2 and dc" /2,3/;
  14   
  15  table a(I,J) "shipping cost from i to j"
  16    1  2  3  4  5
  17  1       3  7
  18  2       4     9
  19  3          2  4
  20  4
  21  5              ;
  22   
  23  parameter b(K) "factory 1 supply" /1=80/;
  24  parameter c(L) "factory 2 suuply" /2=70/;
  25  parameter d(N) "warehouse 1 demand" /4=60/;
  26  parameter e(O) "warehouse 2 demand" /5=90/;
  27  scalar f "shipping capacity" /50/;
  28   
  29  positive variable x(I,J) "number of products shipped from i to j";
  30  free variable z;
  31   
  32  equations factory1(K), factory2(L), warehouse1(N), warehouse2(O), capacity
      1(P,M), capacity2(M,S), balance, cost;
  33  factory1(K).. sum(R,x(K,R)) =e= b(K);
  34  factory2(L).. sum(S,x(L,S)) =e= c(L);
  35  warehouse1(N)..sum(T,x(T,N)) =e= d(N);
  36  warehouse2(O)..sum(U,x(U,O)) =e= e(O);
  37  capacity1(P,M)..x(P,M) =l= f;
  38  capacity2(M,S)..x(M,S) =l= f;
  39  balance.. sum((P,M),x(P,M)) - sum((M,Q),x(M,Q)) =e= 0;
  40  cost.. z =e= sum((I,J),a(I,J)*x(I,J));
  41   
  42  model supplychain /all/;
  43  solve supplychain using lp minimizing z;


COMPILATION TIME     =        0.000 SECONDS      3 MB  28.2.0 r750fa45 WEX-WEI
GAMS 28.2.0  r750fa45 Released Aug 19, 2019 WEX-WEI x86 64bit/MS Windows 07/15/20 16:22:14 Page 2
G e n e r a l   A l g e b r a i c   M o d e l i n g   S y s t e m
Equation Listing    SOLVE supplychain Using LP From line 43


---- factory1  =E=  

factory1(1)..  x(1,3) + x(1,4) =E= 80 ; (LHS = 0, INFES = 80 ****)
     

---- factory2  =E=  

factory2(2)..  x(2,3) + x(2,5) =E= 70 ; (LHS = 0, INFES = 70 ****)
     

---- warehouse1  =E=  

warehouse1(4)..  x(1,4) + x(3,4) =E= 60 ; (LHS = 0, INFES = 60 ****)
     

---- warehouse2  =E=  

warehouse2(5)..  x(2,5) + x(3,5) =E= 90 ; (LHS = 0, INFES = 90 ****)
     

---- capacity1  =L=  

capacity1(1,3)..  x(1,3) =L= 50 ; (LHS = 0)
     
capacity1(2,3)..  x(2,3) =L= 50 ; (LHS = 0)
     

---- capacity2  =L=  

capacity2(3,3)..  x(3,3) =L= 50 ; (LHS = 0)
     
capacity2(3,5)..  x(3,5) =L= 50 ; (LHS = 0)
     

---- balance  =E=  

balance..  x(1,3) + x(2,3) - x(3,4) - x(3,5) =E= 0 ; (LHS = 0)
     

---- cost  =E=  

cost..  - 3*x(1,3) - 7*x(1,4) - 4*x(2,3) - 9*x(2,5) - 2*x(3,4) - 4*x(3,5) + z
      =E= 0 ; (LHS = 0)
     
GAMS 28.2.0  r750fa45 Released Aug 19, 2019 WEX-WEI x86 64bit/MS Windows 07/15/20 16:22:14 Page 3
G e n e r a l   A l g e b r a i c   M o d e l i n g   S y s t e m
Column Listing      SOLVE supplychain Using LP From line 43


---- x  number of products shipped from i to j

x(1,3)
                (.LO, .L, .UP, .M = 0, 0, +INF, 0)
        1       factory1(1)
        1       capacity1(1,3)
        1       balance
       -3       cost

x(1,4)
                (.LO, .L, .UP, .M = 0, 0, +INF, 0)
        1       factory1(1)
        1       warehouse1(4)
       -7       cost

x(2,3)
                (.LO, .L, .UP, .M = 0, 0, +INF, 0)
        1       factory2(2)
        1       capacity1(2,3)
        1       balance
       -4       cost

REMAINING 4 ENTRIES SKIPPED

---- z  

z
                (.LO, .L, .UP, .M = -INF, 0, +INF, 0)
        1       cost

GAMS 28.2.0  r750fa45 Released Aug 19, 2019 WEX-WEI x86 64bit/MS Windows 07/15/20 16:22:14 Page 4
G e n e r a l   A l g e b r a i c   M o d e l i n g   S y s t e m
Model Statistics    SOLVE supplychain Using LP From line 43


MODEL STATISTICS

BLOCKS OF EQUATIONS           8     SINGLE EQUATIONS           10
BLOCKS OF VARIABLES           2     SINGLE VARIABLES            8
NON ZERO ELEMENTS            23


GENERATION TIME      =        0.031 SECONDS      4 MB  28.2.0 r750fa45 WEX-WEI


EXECUTION TIME       =        0.031 SECONDS      4 MB  28.2.0 r750fa45 WEX-WEI
GAMS 28.2.0  r750fa45 Released Aug 19, 2019 WEX-WEI x86 64bit/MS Windows 07/15/20 16:22:14 Page 5
G e n e r a l   A l g e b r a i c   M o d e l i n g   S y s t e m
Solution Report     SOLVE supplychain Using LP From line 43


               S O L V E      S U M M A R Y

     MODEL   supplychain         OBJECTIVE  z
     TYPE    LP                  DIRECTION  MINIMIZE
     SOLVER  MINOS               FROM LINE  43

**** SOLVER STATUS     1 Normal Completion         
**** MODEL STATUS      1 Optimal                   
**** OBJECTIVE VALUE             1100.0000

 RESOURCE USAGE, LIMIT          0.000      1000.000
 ITERATION COUNT, LIMIT         3    2000000000

GAMS/MINOS       28.2.0 r750fa45 Released Aug 19, 2019 WEI x86 64bit/MS Win
M I N O S  5.6      (Jul 2016)

    GAMS/MINOS 5.6, Large Scale Nonlinear Solver
    B. A. Murtagh, University of New South Wales
    P. E. Gill, University of California at San Diego,
    W. Murray, M. A. Saunders, and M. H. Wright,
    Systems Optimization Laboratory, Stanford University

 Work space allocated           --     0.78 Mb

 EXIT - Optimal Solution found, objective:        1100.000


---- EQU factory1  

     LOWER     LEVEL     UPPER    MARGINAL

1    80.000    80.000    80.000     5.000      

---- EQU factory2  

     LOWER     LEVEL     UPPER    MARGINAL

2    70.000    70.000    70.000     4.000      

---- EQU warehouse1  

     LOWER     LEVEL     UPPER    MARGINAL

4    60.000    60.000    60.000     2.000      

---- EQU warehouse2  

     LOWER     LEVEL     UPPER    MARGINAL

5    90.000    90.000    90.000     5.000      

---- EQU capacity1  

       LOWER     LEVEL     UPPER    MARGINAL

1.3     -INF     50.000    50.000    -2.000      
2.3     -INF     30.000    50.000      .         

---- EQU capacity2  

       LOWER     LEVEL     UPPER    MARGINAL

3.3     -INF       .       50.000      .         
3.5     -INF     50.000    50.000    -1.000      

                       LOWER     LEVEL     UPPER    MARGINAL

---- EQU balance         .         .         .         .         
---- EQU cost            .         .         .        1.000      

---- VAR x  number of products shipped from i to j

       LOWER     LEVEL     UPPER    MARGINAL

1.3      .       50.000     +INF       .         
1.4      .       30.000     +INF       .         
2.3      .       30.000     +INF       .         
2.5      .       40.000     +INF       .         
3.3      .         .        +INF       EPS       
3.4      .       30.000     +INF       .         
3.5      .       50.000     +INF       .         

                       LOWER     LEVEL     UPPER    MARGINAL

---- VAR z              -INF   1100.000     +INF       .         


**** REPORT SUMMARY :        0     NONOPT
                             0 INFEASIBLE
                             0  UNBOUNDED


EXECUTION TIME       =        0.000 SECONDS      2 MB  28.2.0 r750fa45 WEX-WEI


USER: GAMS Development Corporation, USA              G871201/0000CA-ANY
      Free Demo, +1 202-342-0180, support@gams.com, www.gams.com DC0000


**** FILE SUMMARY

Input      C:\Users\Hannah Kleist\Documents\gamsdir\projdir\Supply-chain.gms
Output     C:\Users\Hannah Kleist\Documents\gamsdir\projdir\Supply-chain.lst
